// Jest Snapshot v1, https://goo.gl/fbAQLP

exports[`should render expense dashboard 1`] = `
<div>
  <h1>
    Dashboard Page
  </h1>
</div>
`;
